// Jest Snapshot v1, https://goo.gl/fbAQLP

exports[`The attempts component should give visual feedback on the score of the attempt 1`] = `
<View
  style={
    Object {
      "alignItems": "center",
      "justifyContent": "center",
    }
  }
>
  <View
    style={
      Object {
        "alignItems": "stretch",
        "flexDirection": "row",
        "justifyContent": "space-between",
      }
    }
  >
    <Text
      accessible={true}
      allowFontScaling={true}
      ellipsizeMode="tail"
      style={
        Object {
          "fontSize": 18,
          "height": 40,
          "justifyContent": "space-between",
          "textAlign": "center",
          "width": 40,
        }
      }
    >
      k
    </Text>
    <Text
      accessible={true}
      allowFontScaling={true}
      ellipsizeMode="tail"
      style={
        Object {
          "fontSize": 18,
          "height": 40,
          "justifyContent": "space-between",
          "textAlign": "center",
          "width": 40,
        }
      }
    >
      i
    </Text>
    <Text
      accessible={true}
      allowFontScaling={true}
      ellipsizeMode="tail"
      style={
        Object {
          "fontSize": 18,
          "height": 40,
          "justifyContent": "space-between",
          "textAlign": "center",
          "width": 40,
        }
      }
    >
      w
    </Text>
    <Text
      accessible={true}
      allowFontScaling={true}
      ellipsizeMode="tail"
      style={
        Object {
          "fontSize": 18,
          "height": 40,
          "justifyContent": "space-between",
          "textAlign": "center",
          "width": 40,
        }
      }
    >
      i
    </Text>
    <Text
      accessible={true}
      allowFontScaling={true}
      ellipsizeMode="tail"
      style={
        Object {
          "backgroundColor": "red",
          "fontSize": 18,
          "height": 40,
          "justifyContent": "space-between",
          "textAlign": "center",
          "width": 40,
        }
      }
    >
      s
    </Text>
  </View>
  <View
    style={
      Object {
        "alignItems": "stretch",
        "flexDirection": "row",
        "justifyContent": "space-between",
      }
    }
  >
    <Text
      accessible={true}
      allowFontScaling={true}
      ellipsizeMode="tail"
      style={
        Object {
          "backgroundColor": "yellow",
          "fontSize": 18,
          "height": 40,
          "justifyContent": "space-between",
          "overflow": "hidden",
          "textAlign": "center",
          "width": 40,
        }
      }
    >
      p
    </Text>
    <Text
      accessible={true}
      allowFontScaling={true}
      ellipsizeMode="tail"
      style={
        Object {
          "backgroundColor": "yellow",
          "fontSize": 18,
          "height": 40,
          "justifyContent": "space-between",
          "overflow": "hidden",
          "textAlign": "center",
          "width": 40,
        }
      }
    >
      e
    </Text>
    <Text
      accessible={true}
      allowFontScaling={true}
      ellipsizeMode="tail"
      style={
        Object {
          "fontSize": 18,
          "height": 40,
          "justifyContent": "space-between",
          "textAlign": "center",
          "width": 40,
        }
      }
    >
      r
    </Text>
    <Text
      accessible={true}
      allowFontScaling={true}
      ellipsizeMode="tail"
      style={
        Object {
          "backgroundColor": "red",
          "fontSize": 18,
          "height": 40,
          "justifyContent": "space-between",
          "textAlign": "center",
          "width": 40,
        }
      }
    >
      e
    </Text>
    <Text
      accessible={true}
      allowFontScaling={true}
      ellipsizeMode="tail"
      style={
        Object {
          "fontSize": 18,
          "height": 40,
          "justifyContent": "space-between",
          "textAlign": "center",
          "width": 40,
        }
      }
    >
      n
    </Text>
  </View>
</View>
`;
